{
  "events": [
    {
      "type": "executeScript",
      "script": "console.log('hello');"
    }
  ]
}
