{
  "events": [
    {
      "type": "patchElements",
      "elements": "<div>\n  <span>Merge</span>\n</div>"
    }
  ]
}
