{
  "events": [
    {
      "type": "patchElements",
      "selector": "#target",
      "mode": "remove"
    }
  ]
}
