{
  "events": [
    {
      "type": "patchSignals",
      "signals": {
        "one": null
      }
    }
  ]
}
