event: datastar-patch-signals
data: signals {"one":"first
 signal","two":"second signal"}

