event: datastar-patch-signals
data: signals {"one":1,"two":2}

