event: datastar-patch-elements
data: elements <div>Merge</div>

event: datastar-patch-elements
data: elements <div>Merge 2</div>

