{
  "events": [
    {
      "type": "patchElements",
      "elements": "<div>Merge</div>"
    }
  ]
}
